// Jest Snapshot v1, https://goo.gl/fbAQLP

exports[`Form form 1`] = `
<div>
  <form
    class="css-17ycjgs-formStyle-Form"
  >
    아아
  </form>
</div>
`;
