// Jest Snapshot v1, https://goo.gl/fbAQLP

exports[`PageTitle page title 1`] = `
<div>
  <div
    class="css-2it4no-flexBox"
  >
    <h1
      class="css-1bwimtt-mainTitleStyle"
    >
      page title
    </h1>
  </div>
</div>
`;
