// Jest Snapshot v1, https://goo.gl/fbAQLP

exports[`Vertical Bar Graph vertical bar graph 1`] = `
<div>
  <div
    class="recharts-responsive-container"
    style="width: 100%; height: 100%;"
  />
</div>
`;
