// Jest Snapshot v1, https://goo.gl/fbAQLP

exports[`Stacked Bar Chart stacked bar chart 1`] = `
<div>
  <div
    class="recharts-responsive-container"
    style="width: 100%; height: 100%;"
  />
</div>
`;
