// Jest Snapshot v1, https://goo.gl/fbAQLP

exports[`Simple Line Chart simple line chart 1`] = `
<div>
  <div
    class="recharts-responsive-container"
    style="width: 100%; height: 100%;"
  />
</div>
`;

exports[`Simple Line Chart simple line chart 2`] = `
<div>
  <div
    class="recharts-responsive-container"
    style="width: 100%; height: 100%;"
  />
</div>
`;

exports[`Simple Line Chart simple line chart 3`] = `
<div>
  <div
    class="recharts-responsive-container"
    style="width: 100%; height: 100%;"
  />
</div>
`;

exports[`Simple Line Chart simple line chart 4`] = `
<div>
  <div
    class="recharts-responsive-container"
    style="width: 100%; height: 100%;"
  />
</div>
`;

exports[`Simple Line Chart simple line chart 5`] = `
<div>
  <div
    class="recharts-responsive-container"
    style="width: 100%; height: 100%;"
  />
</div>
`;

exports[`Simple Line Chart simple line chart 6`] = `
<div>
  <div
    class="recharts-responsive-container"
    style="width: 100%; height: 100%;"
  />
</div>
`;
