// Jest Snapshot v1, https://goo.gl/fbAQLP

exports[`Simple Bar Chart simple bar chart 1`] = `
<div>
  <div
    class="recharts-responsive-container"
    style="width: 100%; height: 100%;"
  />
</div>
`;

exports[`Simple Bar Chart simple bar chart 2`] = `
<div>
  <div
    class="recharts-responsive-container"
    style="width: 100%; height: 100%;"
  />
</div>
`;

exports[`Simple Bar Chart simple bar chart 3`] = `
<div>
  <div
    class="recharts-responsive-container"
    style="width: 100%; height: 100%;"
  />
</div>
`;

exports[`Simple Bar Chart simple bar chart 4`] = `
<div>
  <div
    class="recharts-responsive-container"
    style="width: 100%; height: 100%;"
  />
</div>
`;

exports[`Simple Bar Chart simple bar chart 5`] = `
<div>
  <div
    class="recharts-responsive-container"
    style="width: 100%; height: 100%;"
  />
</div>
`;

exports[`Simple Bar Chart simple bar chart 6`] = `
<div>
  <div
    class="recharts-responsive-container"
    style="width: 100%; height: 100%;"
  />
</div>
`;
